Archive member included to satisfy reference by file (symbol)

/usr/local/Caskroom/gcc-arm-embedded/6-2017-q2-update/gcc-arm-none-eabi-6-2017-q2-update/bin/../lib/gcc/arm-none-eabi/6.3.1/../../../../arm-none-eabi/lib/thumb/v7e-m/libg.a(lib_a-memcpy.o)
                              /var/folders/v6/kkgzxlbs17l2r1qttt0pkc880000gn/T//cc15eSlc.ltrans0.ltrans.o (memcpy)

Discarded input sections

 .data          0x0000000000000000        0x0 build/obj/crt0_v7m.o
 .bss           0x0000000000000000        0x0 build/obj/crt0_v7m.o
 .data          0x0000000000000000        0x0 build/obj/vectors.o
 .bss           0x0000000000000000        0x0 build/obj/vectors.o
 .data          0x0000000000000000        0x0 build/obj/chcoreasm_v7m.o
 .bss           0x0000000000000000        0x0 build/obj/chcoreasm_v7m.o
 .text          0x0000000000000000        0x0 build/obj/crt1.o (symbol from plugin)
 .text          0x0000000000000000        0x0 /var/folders/v6/kkgzxlbs17l2r1qttt0pkc880000gn/T//cc15eSlc.ltrans0.ltrans.o
 .data          0x0000000000000000        0x0 /var/folders/v6/kkgzxlbs17l2r1qttt0pkc880000gn/T//cc15eSlc.ltrans0.ltrans.o
 .bss           0x0000000000000000        0x0 /var/folders/v6/kkgzxlbs17l2r1qttt0pkc880000gn/T//cc15eSlc.ltrans0.ltrans.o
 .text          0x0000000000000000        0x0 build/obj/hal.o (symbol from plugin)
 .text          0x0000000000000000        0x0 build/obj/hal_st.o (symbol from plugin)
 .text          0x0000000000000000        0x0 build/obj/hal_buffers.o (symbol from plugin)
 .text          0x0000000000000000        0x0 build/obj/hal_queues.o (symbol from plugin)
 .text          0x0000000000000000        0x0 build/obj/hal_mmcsd.o (symbol from plugin)
 .text          0x0000000000000000        0x0 build/obj/hal_pal.o (symbol from plugin)
 .text          0x0000000000000000        0x0 build/obj/hal_serial.o (symbol from plugin)
 .text          0x0000000000000000        0x0 build/obj/nvic.o (symbol from plugin)
 .text          0x0000000000000000        0x0 build/obj/stm32_isr.o (symbol from plugin)
 .text          0x0000000000000000        0x0 build/obj/hal_lld.o (symbol from plugin)
 .text          0x0000000000000000        0x0 build/obj/stm32_dma.o (symbol from plugin)
 .text          0x0000000000000000        0x0 build/obj/hal_pal_lld.o (symbol from plugin)
 .text          0x0000000000000000        0x0 build/obj/hal_st_lld.o (symbol from plugin)
 .text          0x0000000000000000        0x0 build/obj/hal_serial_lld.o (symbol from plugin)
 .text          0x0000000000000000        0x0 build/obj/board.o (symbol from plugin)
 .text          0x0000000000000000        0x0 build/obj/osal.o (symbol from plugin)
 .text          0x0000000000000000        0x0 build/obj/chsys.o (symbol from plugin)
 .text          0x0000000000000000        0x0 build/obj/chdebug.o (symbol from plugin)
 .text          0x0000000000000000        0x0 build/obj/chtrace.o (symbol from plugin)
 .text          0x0000000000000000        0x0 build/obj/chvt.o (symbol from plugin)
 .text          0x0000000000000000        0x0 build/obj/chschd.o (symbol from plugin)
 .text          0x0000000000000000        0x0 build/obj/chthreads.o (symbol from plugin)
 .text          0x0000000000000000        0x0 build/obj/chtm.o (symbol from plugin)
 .text          0x0000000000000000        0x0 build/obj/chregistry.o (symbol from plugin)
 .text          0x0000000000000000        0x0 build/obj/chsem.o (symbol from plugin)
 .text          0x0000000000000000        0x0 build/obj/chmtx.o (symbol from plugin)
 .text          0x0000000000000000        0x0 build/obj/chcond.o (symbol from plugin)
 .text          0x0000000000000000        0x0 build/obj/chevents.o (symbol from plugin)
 .text          0x0000000000000000        0x0 build/obj/chmsg.o (symbol from plugin)
 .text          0x0000000000000000        0x0 build/obj/chdynamic.o (symbol from plugin)
 .text          0x0000000000000000        0x0 build/obj/chmboxes.o (symbol from plugin)
 .text          0x0000000000000000        0x0 build/obj/chmemcore.o (symbol from plugin)
 .text          0x0000000000000000        0x0 build/obj/chheap.o (symbol from plugin)
 .text          0x0000000000000000        0x0 build/obj/chmempools.o (symbol from plugin)
 .text          0x0000000000000000        0x0 build/obj/chfactory.o (symbol from plugin)
 .text          0x0000000000000000        0x0 build/obj/chcore.o (symbol from plugin)
 .text          0x0000000000000000        0x0 build/obj/chcore_v7m.o (symbol from plugin)
 .text          0x0000000000000000        0x0 build/obj/ch_test.o (symbol from plugin)
 .text          0x0000000000000000        0x0 build/obj/rt_test_root.o (symbol from plugin)
 .text          0x0000000000000000        0x0 build/obj/rt_test_sequence_001.o (symbol from plugin)
 .text          0x0000000000000000        0x0 build/obj/rt_test_sequence_002.o (symbol from plugin)
 .text          0x0000000000000000        0x0 build/obj/rt_test_sequence_003.o (symbol from plugin)
[...]
Memory Configuration

Name             Origin             Length             Attributes
flash0           0x0000000008000000 0x0000000000080000
flash1           0x0000000000000000 0x0000000000000000
flash2           0x0000000000000000 0x0000000000000000
flash3           0x0000000000000000 0x0000000000000000
flash4           0x0000000000000000 0x0000000000000000
flash5           0x0000000000000000 0x0000000000000000
flash6           0x0000000000000000 0x0000000000000000
flash7           0x0000000000000000 0x0000000000000000
ram0             0x0000000020000000 0x0000000000020000
ram1             0x0000000020000000 0x000000000001c000
ram2             0x000000002001c000 0x0000000000004000
ram3             0x0000000000000000 0x0000000000000000
ram4             0x0000000010000000 0x0000000000010000
ram5             0x0000000040024000 0x0000000000001000
ram6             0x0000000000000000 0x0000000000000000
ram7             0x0000000000000000 0x0000000000000000
*default*        0x0000000000000000 0xffffffffffffffff

Linker script and memory map

LOAD build/obj/crt0_v7m.o
LOAD build/obj/vectors.o
LOAD build/obj/chcoreasm_v7m.o
LOAD build/obj/crt1.o
LOAD /var/folders/v6/kkgzxlbs17l2r1qttt0pkc880000gn/T//cc15eSlc.ltrans0.ltrans.o
LOAD build/obj/hal.o
LOAD build/obj/hal_st.o
LOAD build/obj/hal_buffers.o
LOAD build/obj/hal_queues.o
LOAD build/obj/hal_mmcsd.o
LOAD build/obj/hal_pal.o
LOAD build/obj/hal_serial.o
LOAD build/obj/nvic.o
LOAD build/obj/stm32_isr.o
LOAD build/obj/hal_lld.o
LOAD build/obj/stm32_dma.o
LOAD build/obj/hal_pal_lld.o
LOAD build/obj/hal_st_lld.o
LOAD build/obj/hal_serial_lld.o
LOAD build/obj/board.o
LOAD build/obj/osal.o
LOAD build/obj/chsys.o
LOAD build/obj/chdebug.o
LOAD build/obj/chtrace.o
LOAD build/obj/chvt.o
LOAD build/obj/chschd.o
LOAD build/obj/chthreads.o
LOAD build/obj/chtm.o
LOAD build/obj/chregistry.o
LOAD build/obj/chsem.o
LOAD build/obj/chmtx.o
LOAD build/obj/chcond.o
LOAD build/obj/chevents.o
LOAD build/obj/chmsg.o
LOAD build/obj/chdynamic.o
LOAD build/obj/chmboxes.o
LOAD build/obj/chmemcore.o
LOAD build/obj/chheap.o
LOAD build/obj/chmempools.o
LOAD build/obj/chfactory.o
LOAD build/obj/chcore.o
LOAD build/obj/chcore_v7m.o
LOAD build/obj/ch_test.o
LOAD build/obj/rt_test_root.o
LOAD build/obj/rt_test_sequence_001.o
LOAD build/obj/rt_test_sequence_002.o
LOAD build/obj/rt_test_sequence_003.o
LOAD build/obj/rt_test_sequence_004.o
LOAD build/obj/rt_test_sequence_005.o
LOAD build/obj/rt_test_sequence_006.o
LOAD build/obj/rt_test_sequence_007.o
LOAD build/obj/rt_test_sequence_008.o
LOAD build/obj/rt_test_sequence_009.o
LOAD build/obj/rt_test_sequence_010.o
LOAD build/obj/oslib_test_root.o
LOAD build/obj/oslib_test_sequence_001.o
LOAD build/obj/oslib_test_sequence_002.o
LOAD build/obj/oslib_test_sequence_003.o
LOAD build/obj/oslib_test_sequence_004.o
LOAD build/obj/main.o

.mstack         0x0000000020000000      0x400
                0x0000000020000000                . = ALIGN (0x8)
                0x0000000020000000                __main_stack_base__ = .
                0x0000000020000400                . = (. + __main_stack_size__)
 *fill*         0x0000000020000000      0x400 
                0x0000000020000400                . = ALIGN (0x8)
                0x0000000020000400                __main_stack_end__ = .

.pstack         0x0000000020000400      0x400
                0x0000000020000400                __process_stack_base__ = .
                0x0000000020000400                __main_thread_stack_base__ = .
                0x0000000020000800                . = (. + __process_stack_size__)
 *fill*         0x0000000020000400      0x400 
                0x0000000020000800                . = ALIGN (0x8)
                0x0000000020000800                __process_stack_end__ = .
                0x0000000020000800                __main_thread_stack_end__ = .

.vectors        0x0000000008000000      0x1e0
 *(.vectors)
 .vectors       0x0000000008000000      0x1e0 build/obj/vectors.o
                0x0000000008000000                _vectors

.xtors          0x00000000080001e0        0x0
                0x00000000080001e0                __init_array_start = .
 *(SORT(.init_array.*))
 *(.init_array)
                0x00000000080001e0                __init_array_end = .
                0x00000000080001e0                __fini_array_start = .
 *(.fini_array)
 *(SORT(.fini_array.*))
                0x00000000080001e0                __fini_array_end = .

.text           0x00000000080001e0     0x1454
 *(.text)
 .text          0x00000000080001e0       0xd8 build/obj/crt0_v7m.o
                0x00000000080001e0                _crt0_entry
 .text          0x00000000080002b8        0x8 build/obj/vectors.o
                0x00000000080002b8                Reset_Handler
                0x00000000080002ba                VectorE8
                0x00000000080002ba                Vector9C
                0x00000000080002ba                VectorAC
                0x00000000080002ba                DebugMon_Handler
                0x00000000080002ba                Vector1A0
                0x00000000080002ba                Vector5C
                0x00000000080002ba                Vector11C
                0x00000000080002ba                HardFault_Handler
                0x00000000080002ba                Vector1B8
                0x00000000080002ba                Vector19C
                0x00000000080002ba                Vector8C
                0x00000000080002ba                SysTick_Handler
                0x00000000080002ba                VectorDC
                0x00000000080002ba                PendSV_Handler
                0x00000000080002ba                Vector168
                0x00000000080002ba                NMI_Handler
                0x00000000080002ba                Vector110
                0x00000000080002ba                Vector120
                0x00000000080002ba                Vector1D8
                0x00000000080002ba                VectorC8
                0x00000000080002ba                Vector94
                0x00000000080002ba                VectorA8
                0x00000000080002ba                VectorB4
                0x00000000080002ba                Vector74
                0x00000000080002ba                Vector160
                0x00000000080002ba                Vector1B0
                0x00000000080002ba                UsageFault_Handler
                0x00000000080002ba                VectorEC
                0x00000000080002ba                Vector40
                0x00000000080002ba                VectorF8
                0x00000000080002ba                Vector108
                0x00000000080002ba                VectorBC
                0x00000000080002ba                Vector190
                0x00000000080002ba                Vector150
                0x00000000080002ba                Vector124
                0x00000000080002ba                Vector1C4
                0x00000000080002ba                Vector1CC
                0x00000000080002ba                Vector148
                0x00000000080002ba                Vector188
                0x00000000080002ba                Vector198
                0x00000000080002ba                Vector118
                0x00000000080002ba                Vector64
                0x00000000080002ba                VectorCC
                0x00000000080002ba                Vector54
                0x00000000080002ba                Vector98
                0x00000000080002ba                Vector138
                0x00000000080002ba                Vector24
                0x00000000080002ba                Vector1AC
                0x00000000080002ba                Vector178
                0x00000000080002ba                Vector84
                0x00000000080002ba                Vector1A4
                0x00000000080002ba                VectorD0
                0x00000000080002ba                Vector1B4
                0x00000000080002ba                Vector140
                0x00000000080002ba                VectorE4
                0x00000000080002ba                VectorC0
                0x00000000080002ba                Vector158
                0x00000000080002ba                Vector130
                0x00000000080002ba                Vector1C0
                0x00000000080002ba                Vector134
                0x00000000080002ba                Vector1D0
                0x00000000080002ba                VectorF0
                0x00000000080002ba                Vector12C
                0x00000000080002ba                Vector13C
                0x00000000080002ba                Vector100
                0x00000000080002ba                VectorE0
                0x00000000080002ba                VectorF4
                0x00000000080002ba                MemManage_Handler
                0x00000000080002ba                Vector6C
                0x00000000080002ba                VectorA0
                0x00000000080002ba                VectorC4
                0x00000000080002ba                Vector7C
                0x00000000080002ba                Vector180
                0x00000000080002ba                Vector90
                0x00000000080002ba                Vector114
                0x00000000080002ba                Vector164
                0x00000000080002ba                Vector60
                0x00000000080002ba                Vector1C
                0x00000000080002ba                Vector1BC
                0x00000000080002ba                Vector1D4
                0x00000000080002ba                Vector17C
                0x00000000080002ba                Vector48
                0x00000000080002ba                Vector1A8
                0x00000000080002ba                Vector16C
                0x00000000080002ba                Vector70
                0x00000000080002ba                VectorD4
                0x00000000080002ba                Vector4C
                0x00000000080002ba                Vector144
                0x00000000080002ba                Vector80
                0x00000000080002ba                Vector15C
                0x00000000080002ba                Vector68
                0x00000000080002ba                Vector78
                0x00000000080002ba                Vector174
                0x00000000080002ba                Vector58
                0x00000000080002ba                Vector170
                0x00000000080002ba                Vector88
                0x00000000080002ba                Vector104
                0x00000000080002ba                Vector184
                0x00000000080002ba                Vector10C
                0x00000000080002ba                Vector14C
                0x00000000080002ba                BusFault_Handler
                0x00000000080002ba                Vector50
                0x00000000080002ba                Vector1C8
                0x00000000080002ba                Vector194
                0x00000000080002ba                Vector1DC
                0x00000000080002ba                Vector154
                0x00000000080002ba                Vector44
                0x00000000080002ba                Vector28
                0x00000000080002ba                VectorB8
                0x00000000080002ba                VectorFC
                0x00000000080002ba                Vector34
                0x00000000080002ba                Vector128
                0x00000000080002ba                VectorA4
                0x00000000080002ba                Vector20
                0x00000000080002ba                Vector18C
                0x00000000080002be                _unhandled_exception
 .text          0x00000000080002c0       0x28 build/obj/chcoreasm_v7m.o
                0x00000000080002c0                _port_switch
                0x00000000080002d0                _port_thread_start
                0x00000000080002e0                _port_switch_from_isr
                0x00000000080002e4                _port_exit_from_isr
 .text          0x00000000080002e8      0x134 /usr/local/Caskroom/gcc-arm-embedded/6-2017-q2-update/gcc-arm-none-eabi-6-2017-q2-update/bin/../lib/gcc/arm-none-eabi/6.3.1/../../../../arm-none-eabi/lib/thumb/v7e-m/libg.a(lib_a-memcpy.o)
                0x00000000080002e8                memcpy
 *(.text.*)
 *fill*         0x000000000800041c        0x4 
 .text.chTMStartMeasurementX.constprop.2
                0x0000000008000420        0xc /var/folders/v6/kkgzxlbs17l2r1qttt0pkc880000gn/T//cc15eSlc.ltrans0.ltrans.o
 *fill*         0x000000000800042c        0x4 
 .text.chCoreAllocAlignedWithOffset
                0x0000000008000430       0x44 /var/folders/v6/kkgzxlbs17l2r1qttt0pkc880000gn/T//cc15eSlc.ltrans0.ltrans.o
 *fill*         0x0000000008000474        0xc 
 .text.notify2  0x0000000008000480       0x10 /var/folders/v6/kkgzxlbs17l2r1qttt0pkc880000gn/T//cc15eSlc.ltrans0.ltrans.o
 .text._port_irq_epilogue
                0x0000000008000490       0x54 /var/folders/v6/kkgzxlbs17l2r1qttt0pkc880000gn/T//cc15eSlc.ltrans0.ltrans.o
 *fill*         0x00000000080004e4        0xc 
 .text.chCoreAllocAlignedI
                0x00000000080004f0       0x34 /var/folders/v6/kkgzxlbs17l2r1qttt0pkc880000gn/T//cc15eSlc.ltrans0.ltrans.o
 *fill*         0x0000000008000524        0xc 
 .text.chTMStopMeasurementX
                0x0000000008000530       0x44 /var/folders/v6/kkgzxlbs17l2r1qttt0pkc880000gn/T//cc15eSlc.ltrans0.ltrans.o
 *fill*         0x0000000008000574        0xc 
 .text.wakeup   0x0000000008000580       0x70 /var/folders/v6/kkgzxlbs17l2r1qttt0pkc880000gn/T//cc15eSlc.ltrans0.ltrans.o
 .text.chSchReadyI
                0x00000000080005f0       0x2c /var/folders/v6/kkgzxlbs17l2r1qttt0pkc880000gn/T//cc15eSlc.ltrans0.ltrans.o
 *fill*         0x000000000800061c        0x4 
 .text.chEvtBroadcastFlagsI.constprop.11
                0x0000000008000620       0x64 /var/folders/v6/kkgzxlbs17l2r1qttt0pkc880000gn/T//cc15eSlc.ltrans0.ltrans.o
 *fill*         0x0000000008000684        0xc 
 .text._idle_thread
                0x0000000008000690        0x4 /var/folders/v6/kkgzxlbs17l2r1qttt0pkc880000gn/T//cc15eSlc.ltrans0.ltrans.o
 *fill*         0x0000000008000694        0xc 
 .text._ctl     0x00000000080006a0        0x4 /var/folders/v6/kkgzxlbs17l2r1qttt0pkc880000gn/T//cc15eSlc.ltrans0.ltrans.o
 *fill*         0x00000000080006a4        0xc 
 .text.chSchWakeupS.constprop.7
                0x00000000080006b0       0x5c /var/folders/v6/kkgzxlbs17l2r1qttt0pkc880000gn/T//cc15eSlc.ltrans0.ltrans.o
 *fill*         0x000000000800070c        0x4 
 .text.chSchGoSleepS
                0x0000000008000710       0x28 /var/folders/v6/kkgzxlbs17l2r1qttt0pkc880000gn/T//cc15eSlc.ltrans0.ltrans.o
 *fill*         0x0000000008000738        0x8 
 .text.chSchGoSleepTimeoutS
                0x0000000008000740      0x118 /var/folders/v6/kkgzxlbs17l2r1qttt0pkc880000gn/T//cc15eSlc.ltrans0.ltrans.o
 *fill*         0x0000000008000858        0x8 
 .text.chThdEnqueueTimeoutS
                0x0000000008000860       0x28 /var/folders/v6/kkgzxlbs17l2r1qttt0pkc880000gn/T//cc15eSlc.ltrans0.ltrans.o
 *fill*         0x0000000008000888        0x8 
 .text.oqPutTimeout
                0x0000000008000890       0x54 /var/folders/v6/kkgzxlbs17l2r1qttt0pkc880000gn/T//cc15eSlc.ltrans0.ltrans.o
 *fill*         0x00000000080008e4        0xc 
 .text._putt    0x00000000080008f0        0x8 /var/folders/v6/kkgzxlbs17l2r1qttt0pkc880000gn/T//cc15eSlc.ltrans0.ltrans.o
 *fill*         0x00000000080008f8        0x8 
 .text._put     0x0000000008000900        0xc /var/folders/v6/kkgzxlbs17l2r1qttt0pkc880000gn/T//cc15eSlc.ltrans0.ltrans.o
 *fill*         0x000000000800090c        0x4 
 .text.iqGetTimeout
                0x0000000008000910       0x54 /var/folders/v6/kkgzxlbs17l2r1qttt0pkc880000gn/T//cc15eSlc.ltrans0.ltrans.o
 *fill*         0x0000000008000964        0xc 
 .text._gett    0x0000000008000970        0x8 /var/folders/v6/kkgzxlbs17l2r1qttt0pkc880000gn/T//cc15eSlc.ltrans0.ltrans.o
 *fill*         0x0000000008000978        0x8 
 .text._get     0x0000000008000980        0xc /var/folders/v6/kkgzxlbs17l2r1qttt0pkc880000gn/T//cc15eSlc.ltrans0.ltrans.o
 *fill*         0x000000000800098c        0x4 
 .text.chThdSleep
                0x0000000008000990       0x18 /var/folders/v6/kkgzxlbs17l2r1qttt0pkc880000gn/T//cc15eSlc.ltrans0.ltrans.o
 *fill*         0x00000000080009a8        0x8 
 .text.Thread1  0x00000000080009b0       0x34 /var/folders/v6/kkgzxlbs17l2r1qttt0pkc880000gn/T//cc15eSlc.ltrans0.ltrans.o
 *fill*         0x00000000080009e4        0xc 
 .text.oqWriteTimeout
                0x00000000080009f0       0xc4 /var/folders/v6/kkgzxlbs17l2r1qttt0pkc880000gn/T//cc15eSlc.ltrans0.ltrans.o
 *fill*         0x0000000008000ab4        0xc 
 .text._writet  0x0000000008000ac0        0x8 /var/folders/v6/kkgzxlbs17l2r1qttt0pkc880000gn/T//cc15eSlc.ltrans0.ltrans.o
 *fill*         0x0000000008000ac8        0x8 
 .text._write   0x0000000008000ad0        0xc /var/folders/v6/kkgzxlbs17l2r1qttt0pkc880000gn/T//cc15eSlc.ltrans0.ltrans.o
 *fill*         0x0000000008000adc        0x4 
 .text.iqReadTimeout
                0x0000000008000ae0       0xc4 /var/folders/v6/kkgzxlbs17l2r1qttt0pkc880000gn/T//cc15eSlc.ltrans0.ltrans.o
 *fill*         0x0000000008000ba4        0xc 
 .text._readt   0x0000000008000bb0        0x8 /var/folders/v6/kkgzxlbs17l2r1qttt0pkc880000gn/T//cc15eSlc.ltrans0.ltrans.o
 *fill*         0x0000000008000bb8        0x8 
 .text._read    0x0000000008000bc0        0xc /var/folders/v6/kkgzxlbs17l2r1qttt0pkc880000gn/T//cc15eSlc.ltrans0.ltrans.o
 *fill*         0x0000000008000bcc        0x4 
 .text.startup.main
                0x0000000008000bd0      0x440 /var/folders/v6/kkgzxlbs17l2r1qttt0pkc880000gn/T//cc15eSlc.ltrans0.ltrans.o
                0x0000000008000bd0                main
 .text.SVC_Handler
                0x0000000008001010       0x14 /var/folders/v6/kkgzxlbs17l2r1qttt0pkc880000gn/T//cc15eSlc.ltrans0.ltrans.o
                0x0000000008001010                SVC_Handler
 *fill*         0x0000000008001024        0xc 
 .text.chThdExit
                0x0000000008001030       0x50 /var/folders/v6/kkgzxlbs17l2r1qttt0pkc880000gn/T//cc15eSlc.ltrans0.ltrans.o
                0x0000000008001030                chThdExit
 .text.chSchDoReschedule
                0x0000000008001080       0x40 /var/folders/v6/kkgzxlbs17l2r1qttt0pkc880000gn/T//cc15eSlc.ltrans0.ltrans.o
                0x0000000008001080                chSchDoReschedule
 .text.__early_init
                0x00000000080010c0      0x27c /var/folders/v6/kkgzxlbs17l2r1qttt0pkc880000gn/T//cc15eSlc.ltrans0.ltrans.o
                0x00000000080010c0                __early_init
 *fill*         0x000000000800133c        0x4 
 .text.VectorD8
                0x0000000008001340      0x1b8 /var/folders/v6/kkgzxlbs17l2r1qttt0pkc880000gn/T//cc15eSlc.ltrans0.ltrans.o
                0x0000000008001340                VectorD8
 *fill*         0x00000000080014f8        0x8 
 .text.VectorB0
                0x0000000008001500       0xa0 /var/folders/v6/kkgzxlbs17l2r1qttt0pkc880000gn/T//cc15eSlc.ltrans0.ltrans.o
                0x0000000008001500                VectorB0
 .text.__init_ram_areas
                0x00000000080015a0       0x64 /var/folders/v6/kkgzxlbs17l2r1qttt0pkc880000gn/T//cc15eSlc.ltrans0.ltrans.o
                0x00000000080015a0                __init_ram_areas
 *fill*         0x0000000008001604        0xc 
 .text.__default_exit
                0x0000000008001610        0x4 /var/folders/v6/kkgzxlbs17l2r1qttt0pkc880000gn/T//cc15eSlc.ltrans0.ltrans.o
                0x0000000008001610                __default_exit
 *fill*         0x0000000008001614        0xc 
 .text.__late_init
                0x0000000008001620        0x4 /var/folders/v6/kkgzxlbs17l2r1qttt0pkc880000gn/T//cc15eSlc.ltrans0.ltrans.o
                0x0000000008001620                __late_init
 *fill*         0x0000000008001624        0xc 
 .text.__core_init
                0x0000000008001630        0x4 /var/folders/v6/kkgzxlbs17l2r1qttt0pkc880000gn/T//cc15eSlc.ltrans0.ltrans.o
                0x0000000008001630                __core_init
 *(.glue_7t)
 .glue_7t       0x0000000008001634        0x0 linker stubs
 *(.glue_7)
 .glue_7        0x0000000008001634        0x0 linker stubs
 *(.gcc*)

.vfp11_veneer   0x0000000008001634        0x0
 .vfp11_veneer  0x0000000008001634        0x0 linker stubs

.v4_bx          0x0000000008001634        0x0
 .v4_bx         0x0000000008001634        0x0 linker stubs

.iplt           0x0000000008001634        0x0
 .iplt          0x0000000008001634        0x0 build/obj/crt0_v7m.o

.rodata         0x0000000008001634       0xd8
                0x0000000008001634                . = ALIGN (0x4)
                0x0000000008001634                __rodata_base__ = .
 *(.rodata)
 *(.rodata.*)
 .rodata.Thread1.str1.4
                0x0000000008001634        0x8 /var/folders/v6/kkgzxlbs17l2r1qttt0pkc880000gn/T//cc15eSlc.ltrans0.ltrans.o
 .rodata.ch_debug
                0x000000000800163c       0x16 /var/folders/v6/kkgzxlbs17l2r1qttt0pkc880000gn/T//cc15eSlc.ltrans0.ltrans.o
 *fill*         0x0000000008001652        0x2 
 .rodata.main.str1.4
                0x0000000008001654       0x10 /var/folders/v6/kkgzxlbs17l2r1qttt0pkc880000gn/T//cc15eSlc.ltrans0.ltrans.o
                                          0xf (size before relaxing)
 .rodata.ram_areas
                0x0000000008001664       0x80 /var/folders/v6/kkgzxlbs17l2r1qttt0pkc880000gn/T//cc15eSlc.ltrans0.ltrans.o
 .rodata.vmt    0x00000000080016e4       0x28 /var/folders/v6/kkgzxlbs17l2r1qttt0pkc880000gn/T//cc15eSlc.ltrans0.ltrans.o
                0x000000000800170c                . = ALIGN (0x4)
                0x000000000800170c                __rodata_end__ = .

.rel.dyn        0x000000000800170c        0x0
 .rel.iplt      0x000000000800170c        0x0 build/obj/crt0_v7m.o

.ARM.extab
 *(.ARM.extab* .gnu.linkonce.armextab.*)

.ARM.exidx      0x000000000800170c        0x0
                0x000000000800170c                __exidx_start = .
 *(.ARM.exidx* .gnu.linkonce.armexidx.*)
                0x000000000800170c                __exidx_end = .

.eh_frame_hdr
 *(.eh_frame_hdr)

.eh_frame
 *(.eh_frame)
                0x0000000020000000                __ram0_start__ = ORIGIN (ram0)
                0x0000000000020000                __ram0_size__ = LENGTH (ram0)
                0x0000000020020000                __ram0_end__ = (__ram0_start__ + __ram0_size__)
                0x0000000020000000                __ram1_start__ = ORIGIN (ram1)
                0x000000000001c000                __ram1_size__ = LENGTH (ram1)
                0x000000002001c000                __ram1_end__ = (__ram1_start__ + __ram1_size__)
                0x000000002001c000                __ram2_start__ = ORIGIN (ram2)
                0x0000000000004000                __ram2_size__ = LENGTH (ram2)
                0x0000000020020000                __ram2_end__ = (__ram2_start__ + __ram2_size__)
                0x0000000000000000                __ram3_start__ = ORIGIN (ram3)
                0x0000000000000000                __ram3_size__ = LENGTH (ram3)
                0x0000000000000000                __ram3_end__ = (__ram3_start__ + __ram3_size__)
                0x0000000010000000                __ram4_start__ = ORIGIN (ram4)
                0x0000000000010000                __ram4_size__ = LENGTH (ram4)
                0x0000000010010000                __ram4_end__ = (__ram4_start__ + __ram4_size__)
                0x0000000040024000                __ram5_start__ = ORIGIN (ram5)
                0x0000000000001000                __ram5_size__ = LENGTH (ram5)
                0x0000000040025000                __ram5_end__ = (__ram5_start__ + __ram5_size__)
                0x0000000000000000                __ram6_start__ = ORIGIN (ram6)
                0x0000000000000000                __ram6_size__ = LENGTH (ram6)
                0x0000000000000000                __ram6_end__ = (__ram6_start__ + __ram6_size__)
                0x0000000000000000                __ram7_start__ = ORIGIN (ram7)
                0x0000000000000000                __ram7_size__ = LENGTH (ram7)
                0x0000000000000000                __ram7_end__ = (__ram7_start__ + __ram7_size__)

.data           0x0000000020000800        0x0 load address 0x000000000800170c
                0x0000000020000800                . = ALIGN (0x4)
                [!provide]                        PROVIDE (_textdata, LOADADDR (.data))
                [!provide]                        PROVIDE (_data, .)
                0x000000000800170c                _textdata_start = LOADADDR (.data)
                0x0000000020000800                _data_start = .
 *(.data)
 *(.data.*)
 *(.ramtext)
                0x0000000020000800                . = ALIGN (0x4)
                [!provide]                        PROVIDE (_edata, .)
                0x0000000020000800                _data_end = .

.igot.plt       0x0000000020000800        0x0 load address 0x000000000800170c
 .igot.plt      0x0000000020000800        0x0 build/obj/crt0_v7m.o

.bss            0x0000000020000800      0x380 load address 0x000000000800170c
                0x0000000020000800                . = ALIGN (0x4)
                0x0000000020000800                _bss_start = .
 *(.bss)
 *(.bss.*)
 .bss.SD2       0x0000000020000800       0x7c /var/folders/v6/kkgzxlbs17l2r1qttt0pkc880000gn/T//cc15eSlc.ltrans0.ltrans.o
 .bss.ch        0x000000002000087c       0x78 /var/folders/v6/kkgzxlbs17l2r1qttt0pkc880000gn/T//cc15eSlc.ltrans0.ltrans.o
 .bss.ch_factory
                0x00000000200008f4       0x44 /var/folders/v6/kkgzxlbs17l2r1qttt0pkc880000gn/T//cc15eSlc.ltrans0.ltrans.o
 .bss.ch_idle_thread_wa
                0x0000000020000938       0xd8 /var/folders/v6/kkgzxlbs17l2r1qttt0pkc880000gn/T//cc15eSlc.ltrans0.ltrans.o
 .bss.ch_memcore
                0x0000000020000a10        0x8 /var/folders/v6/kkgzxlbs17l2r1qttt0pkc880000gn/T//cc15eSlc.ltrans0.ltrans.o
 .bss.default_heap
                0x0000000020000a18       0x1c /var/folders/v6/kkgzxlbs17l2r1qttt0pkc880000gn/T//cc15eSlc.ltrans0.ltrans.o
 *fill*         0x0000000020000a34        0x4 
 .bss.waThread1
                0x0000000020000a38      0x148 /var/folders/v6/kkgzxlbs17l2r1qttt0pkc880000gn/T//cc15eSlc.ltrans0.ltrans.o
 *(COMMON)
                0x0000000020000b80                . = ALIGN (0x4)
                0x0000000020000b80                _bss_end = .
                [!provide]                        PROVIDE (end, .)

.ram0_init      0x0000000020000b80        0x0 load address 0x000000000800170c
                0x0000000020000b80                . = ALIGN (0x4)
                0x000000000800170c                __ram0_init_text__ = LOADADDR (.ram0_init)
                0x0000000020000b80                __ram0_init__ = .
 *(.ram0_init)
 *(.ram0_init.*)
                0x0000000020000b80                . = ALIGN (0x4)

.ram0           0x0000000020000b80        0x0 load address 0x000000000800170c
                0x0000000020000b80                . = ALIGN (0x4)
                0x0000000020000b80                __ram0_clear__ = .
 *(.ram0_clear)
 *(.ram0_clear.*)
                0x0000000020000b80                . = ALIGN (0x4)
                0x0000000020000b80                __ram0_noinit__ = .
 *(.ram0)
 *(.ram0.*)
                0x0000000020000b80                . = ALIGN (0x4)
                0x0000000020000b80                __ram0_free__ = .

.ram1_init      0x0000000020000000        0x0 load address 0x000000000800170c
                0x0000000020000000                . = ALIGN (0x4)
                0x000000000800170c                __ram1_init_text__ = LOADADDR (.ram1_init)
                0x0000000020000000                __ram1_init__ = .
 *(.ram1_init)
 *(.ram1_init.*)
                0x0000000020000000                . = ALIGN (0x4)

.ram1           0x0000000020000000        0x0 load address 0x000000000800170c
                0x0000000020000000                . = ALIGN (0x4)
                0x0000000020000000                __ram1_clear__ = .
 *(.ram1_clear)
 *(.ram1_clear.*)
                0x0000000020000000                . = ALIGN (0x4)
                0x0000000020000000                __ram1_noinit__ = .
 *(.ram1)
 *(.ram1.*)
                0x0000000020000000                . = ALIGN (0x4)
                0x0000000020000000                __ram1_free__ = .

.ram2_init      0x000000002001c000        0x0 load address 0x000000000800170c
                0x000000002001c000                . = ALIGN (0x4)
                0x000000000800170c                __ram2_init_text__ = LOADADDR (.ram2_init)
                0x000000002001c000                __ram2_init__ = .
 *(.ram2_init)
 *(.ram2_init.*)
                0x000000002001c000                . = ALIGN (0x4)

.ram2           0x000000002001c000        0x0 load address 0x000000000800170c
                0x000000002001c000                . = ALIGN (0x4)
                0x000000002001c000                __ram2_clear__ = .
 *(.ram2_clear)
 *(.ram2_clear.*)
                0x000000002001c000                . = ALIGN (0x4)
                0x000000002001c000                __ram2_noinit__ = .
 *(.ram2)
 *(.ram2.*)
                0x000000002001c000                . = ALIGN (0x4)
                0x000000002001c000                __ram2_free__ = .

.ram3_init      0x0000000000000000        0x0 load address 0x000000000800170c
                0x0000000000000000                . = ALIGN (0x4)
                0x000000000800170c                __ram3_init_text__ = LOADADDR (.ram3_init)
                0x0000000000000000                __ram3_init__ = .
 *(.ram3_init)
 *(.ram3_init.*)
                0x0000000000000000                . = ALIGN (0x4)

.ram3           0x0000000000000000        0x0 load address 0x000000000800170c
                0x0000000000000000                . = ALIGN (0x4)
                0x0000000000000000                __ram3_clear__ = .
 *(.ram3_clear)
 *(.ram3_clear.*)
                0x0000000000000000                . = ALIGN (0x4)
                0x0000000000000000                __ram3_noinit__ = .
 *(.ram3)
 *(.ram3.*)
                0x0000000000000000                . = ALIGN (0x4)
                0x0000000000000000                __ram3_free__ = .

.ram4_init      0x0000000010000000        0x0 load address 0x000000000800170c
                0x0000000010000000                . = ALIGN (0x4)
                0x000000000800170c                __ram4_init_text__ = LOADADDR (.ram4_init)
                0x0000000010000000                __ram4_init__ = .
 *(.ram4_init)
 *(.ram4_init.*)
                0x0000000010000000                . = ALIGN (0x4)

.ram4           0x0000000010000000        0x0 load address 0x000000000800170c
                0x0000000010000000                . = ALIGN (0x4)
                0x0000000010000000                __ram4_clear__ = .
 *(.ram4_clear)
 *(.ram4_clear.*)
                0x0000000010000000                . = ALIGN (0x4)
                0x0000000010000000                __ram4_noinit__ = .
 *(.ram4)
 *(.ram4.*)
                0x0000000010000000                . = ALIGN (0x4)
                0x0000000010000000                __ram4_free__ = .

.ram5_init      0x0000000040024000        0x0 load address 0x000000000800170c
                0x0000000040024000                . = ALIGN (0x4)
                0x000000000800170c                __ram5_init_text__ = LOADADDR (.ram5_init)
                0x0000000040024000                __ram5_init__ = .
 *(.ram5_init)
 *(.ram5_init.*)
                0x0000000040024000                . = ALIGN (0x4)

.ram5           0x0000000040024000        0x0 load address 0x000000000800170c
                0x0000000040024000                . = ALIGN (0x4)
                0x0000000040024000                __ram5_clear__ = .
 *(.ram5_clear)
 *(.ram5_clear.*)
                0x0000000040024000                . = ALIGN (0x4)
                0x0000000040024000                __ram5_noinit__ = .
 *(.ram5)
 *(.ram5.*)
                0x0000000040024000                . = ALIGN (0x4)
                0x0000000040024000                __ram5_free__ = .

.ram6_init      0x0000000000000000        0x0 load address 0x000000000800170c
                0x0000000000000000                . = ALIGN (0x4)
                0x000000000800170c                __ram6_init_text__ = LOADADDR (.ram6_init)
                0x0000000000000000                __ram6_init__ = .
 *(.ram6_init)
 *(.ram6_init.*)
                0x0000000000000000                . = ALIGN (0x4)

.ram6           0x0000000000000000        0x0 load address 0x000000000800170c
                0x0000000000000000                . = ALIGN (0x4)
                0x0000000000000000                __ram6_clear__ = .
 *(.ram6_clear)
 *(.ram6_clear.*)
                0x0000000000000000                . = ALIGN (0x4)
                0x0000000000000000                __ram6_noinit__ = .
 *(.ram6)
 *(.ram6.*)
                0x0000000000000000                . = ALIGN (0x4)
                0x0000000000000000                __ram6_free__ = .

.ram7_init      0x0000000000000000        0x0 load address 0x000000000800170c
                0x0000000000000000                . = ALIGN (0x4)
                0x000000000800170c                __ram7_init_text__ = LOADADDR (.ram7_init)
                0x0000000000000000                __ram7_init__ = .
 *(.ram7_init)
 *(.ram7_init.*)
                0x0000000000000000                . = ALIGN (0x4)

.ram7           0x0000000000000000        0x0 load address 0x000000000800170c
                0x0000000000000000                . = ALIGN (0x4)
                0x0000000000000000                __ram7_clear__ = .
 *(.ram7_clear)
 *(.ram7_clear.*)
                0x0000000000000000                . = ALIGN (0x4)
                0x0000000000000000                __ram7_noinit__ = .
 *(.ram7)
 *(.ram7.*)
                0x0000000000000000                . = ALIGN (0x4)
                0x0000000000000000                __ram7_free__ = .

.heap           0x0000000020000b80    0x1f480
                0x0000000020000b80                . = ALIGN (0x8)
                0x0000000020000b80                __heap_base__ = .
                0x0000000020020000                . = (ORIGIN (HEAP_RAM) + LENGTH (HEAP_RAM))
 *fill*         0x0000000020000b80    0x1f480 
                0x0000000020020000                __heap_end__ = .
                0x0000000000000400                __process_stack_size__ = 0x400
                0x0000000000000400                __main_stack_size__ = 0x400
START GROUP
LOAD /usr/local/Caskroom/gcc-arm-embedded/6-2017-q2-update/gcc-arm-none-eabi-6-2017-q2-update/bin/../lib/gcc/arm-none-eabi/6.3.1/thumb/v7e-m/libgcc.a
LOAD /usr/local/Caskroom/gcc-arm-embedded/6-2017-q2-update/gcc-arm-none-eabi-6-2017-q2-update/bin/../lib/gcc/arm-none-eabi/6.3.1/../../../../arm-none-eabi/lib/thumb/v7e-m/libg.a
LOAD /usr/local/Caskroom/gcc-arm-embedded/6-2017-q2-update/gcc-arm-none-eabi-6-2017-q2-update/bin/../lib/gcc/arm-none-eabi/6.3.1/../../../../arm-none-eabi/lib/thumb/v7e-m/libc.a
END GROUP
OUTPUT(build/ch.elf elf32-littlearm)

.ARM.attributes
                0x0000000000000000       0x2d
 .ARM.attributes
                0x0000000000000000       0x21 build/obj/crt0_v7m.o
 .ARM.attributes
                0x0000000000000021       0x21 build/obj/vectors.o
 .ARM.attributes
                0x0000000000000042       0x21 build/obj/chcoreasm_v7m.o
 .ARM.attributes
                0x0000000000000063       0x31 /var/folders/v6/kkgzxlbs17l2r1qttt0pkc880000gn/T//cc15eSlc.ltrans0.ltrans.o
 .ARM.attributes
                0x0000000000000094       0x1c /usr/local/Caskroom/gcc-arm-embedded/6-2017-q2-update/gcc-arm-none-eabi-6-2017-q2-update/bin/../lib/gcc/arm-none-eabi/6.3.1/../../../../arm-none-eabi/lib/thumb/v7e-m/libg.a(lib_a-memcpy.o)

.comment        0x0000000000000000       0x7f
 .comment       0x0000000000000000       0x7f /var/folders/v6/kkgzxlbs17l2r1qttt0pkc880000gn/T//cc15eSlc.ltrans0.ltrans.o
                                         0x80 (size before relaxing)

.debug_line     0x0000000000000000     0x1642
 .debug_line    0x0000000000000000       0xc0 build/obj/crt0_v7m.o
 .debug_line    0x00000000000000c0       0x6a build/obj/vectors.o
 .debug_line    0x000000000000012a       0x7c build/obj/chcoreasm_v7m.o
 .debug_line    0x00000000000001a6     0x149c /var/folders/v6/kkgzxlbs17l2r1qttt0pkc880000gn/T//cc15eSlc.ltrans0.ltrans.o

.debug_info     0x0000000000000000     0x5099
 .debug_info    0x0000000000000000       0x9a build/obj/crt0_v7m.o
 .debug_info    0x000000000000009a       0x99 build/obj/vectors.o
 .debug_info    0x0000000000000133       0x9d build/obj/chcoreasm_v7m.o
 .debug_info    0x00000000000001d0     0x4ec9 /var/folders/v6/kkgzxlbs17l2r1qttt0pkc880000gn/T//cc15eSlc.ltrans0.ltrans.o

.debug_abbrev   0x0000000000000000      0x662
 .debug_abbrev  0x0000000000000000       0x14 build/obj/crt0_v7m.o
 .debug_abbrev  0x0000000000000014       0x14 build/obj/vectors.o
 .debug_abbrev  0x0000000000000028       0x14 build/obj/chcoreasm_v7m.o
 .debug_abbrev  0x000000000000003c      0x626 /var/folders/v6/kkgzxlbs17l2r1qttt0pkc880000gn/T//cc15eSlc.ltrans0.ltrans.o

.debug_aranges  0x0000000000000000      0x1b0
 .debug_aranges
                0x0000000000000000       0x20 build/obj/crt0_v7m.o
 .debug_aranges
                0x0000000000000020       0x20 build/obj/vectors.o
 .debug_aranges
                0x0000000000000040       0x20 build/obj/chcoreasm_v7m.o
 .debug_aranges
                0x0000000000000060      0x150 /var/folders/v6/kkgzxlbs17l2r1qttt0pkc880000gn/T//cc15eSlc.ltrans0.ltrans.o

.debug_loc      0x0000000000000000     0x236d
 .debug_loc     0x0000000000000000     0x236d /var/folders/v6/kkgzxlbs17l2r1qttt0pkc880000gn/T//cc15eSlc.ltrans0.ltrans.o

.debug_ranges   0x0000000000000000     0x1078
 .debug_ranges  0x0000000000000000     0x1078 /var/folders/v6/kkgzxlbs17l2r1qttt0pkc880000gn/T//cc15eSlc.ltrans0.ltrans.o

.debug_str      0x0000000000000000     0x1218
 .debug_str     0x0000000000000000     0x1218 /var/folders/v6/kkgzxlbs17l2r1qttt0pkc880000gn/T//cc15eSlc.ltrans0.ltrans.o
                                       0x1344 (size before relaxing)

.debug_frame    0x0000000000000000      0x468
 .debug_frame   0x0000000000000000      0x468 /var/folders/v6/kkgzxlbs17l2r1qttt0pkc880000gn/T//cc15eSlc.ltrans0.ltrans.o

Cross Reference Table

Symbol                                            File
BusFault_Handler                                  build/obj/vectors.o
DebugMon_Handler                                  build/obj/vectors.o
HardFault_Handler                                 build/obj/vectors.o
MemManage_Handler                                 build/obj/vectors.o
NMI_Handler                                       build/obj/vectors.o
PendSV_Handler                                    build/obj/vectors.o
Reset_Handler                                     build/obj/vectors.o
SD2                                               build/obj/hal_serial_lld.o (symbol from plugin)
SVC_Handler                                       /var/folders/v6/kkgzxlbs17l2r1qttt0pkc880000gn/T//cc15eSlc.ltrans0.ltrans.o
                                                  build/obj/chcore_v7m.o (symbol from plugin)
                                                  build/obj/vectors.o
SysTick_Handler                                   build/obj/vectors.o
SystemCoreClock                                   build/obj/hal_lld.o (symbol from plugin)
UsageFault_Handler                                build/obj/vectors.o
Vector100                                         build/obj/vectors.o
Vector104                                         build/obj/vectors.o
Vector108                                         build/obj/vectors.o
Vector10C                                         build/obj/vectors.o
Vector110                                         build/obj/vectors.o
Vector114                                         build/obj/vectors.o
Vector118                                         build/obj/vectors.o
Vector11C                                         build/obj/vectors.o
Vector120                                         build/obj/vectors.o
Vector124                                         build/obj/vectors.o
Vector128                                         build/obj/vectors.o
Vector12C                                         build/obj/vectors.o
Vector130                                         build/obj/vectors.o
Vector134                                         build/obj/vectors.o
Vector138                                         build/obj/vectors.o
Vector13C                                         build/obj/vectors.o
Vector140                                         build/obj/vectors.o
Vector144                                         build/obj/vectors.o
Vector148                                         build/obj/vectors.o
Vector14C                                         build/obj/vectors.o
Vector150                                         build/obj/vectors.o
Vector154                                         build/obj/vectors.o
Vector158                                         build/obj/vectors.o
Vector15C                                         build/obj/vectors.o
Vector160                                         build/obj/vectors.o
Vector164                                         build/obj/vectors.o
Vector168                                         build/obj/vectors.o
Vector16C                                         build/obj/vectors.o
Vector170                                         build/obj/vectors.o
Vector174                                         build/obj/vectors.o
Vector178                                         build/obj/vectors.o
Vector17C                                         build/obj/vectors.o
Vector180                                         build/obj/vectors.o
Vector184                                         build/obj/vectors.o
Vector188                                         build/obj/vectors.o
Vector18C                                         build/obj/vectors.o
Vector190                                         build/obj/vectors.o
Vector194                                         build/obj/vectors.o
Vector198                                         build/obj/vectors.o
Vector19C                                         build/obj/vectors.o
Vector1A0                                         build/obj/vectors.o
Vector1A4                                         build/obj/vectors.o
Vector1A8                                         build/obj/vectors.o
Vector1AC                                         build/obj/vectors.o
Vector1B0                                         build/obj/vectors.o
Vector1B4                                         build/obj/vectors.o
Vector1B8                                         build/obj/vectors.o
Vector1BC                                         build/obj/vectors.o
Vector1C                                          build/obj/vectors.o
Vector1C0                                         build/obj/vectors.o
Vector1C4                                         build/obj/vectors.o
Vector1C8                                         build/obj/vectors.o
Vector1CC                                         build/obj/vectors.o
Vector1D0                                         build/obj/vectors.o
Vector1D4                                         build/obj/vectors.o
Vector1D8                                         build/obj/vectors.o
Vector1DC                                         build/obj/vectors.o
Vector20                                          build/obj/vectors.o
Vector24                                          build/obj/vectors.o
Vector28                                          build/obj/vectors.o
Vector34                                          build/obj/vectors.o
Vector40                                          build/obj/vectors.o
Vector44                                          build/obj/vectors.o
Vector48                                          build/obj/vectors.o
Vector4C                                          build/obj/vectors.o
Vector50                                          build/obj/vectors.o
Vector54                                          build/obj/vectors.o
Vector58                                          build/obj/vectors.o
Vector5C                                          build/obj/vectors.o
Vector60                                          build/obj/vectors.o
Vector64                                          build/obj/vectors.o
Vector68                                          build/obj/vectors.o
Vector6C                                          build/obj/vectors.o
Vector70                                          build/obj/vectors.o
Vector74                                          build/obj/vectors.o
Vector78                                          build/obj/vectors.o
Vector7C                                          build/obj/vectors.o
Vector80                                          build/obj/vectors.o
Vector84                                          build/obj/vectors.o
Vector88                                          build/obj/vectors.o
Vector8C                                          build/obj/vectors.o
Vector90                                          build/obj/vectors.o
Vector94                                          build/obj/vectors.o
Vector98                                          build/obj/vectors.o
Vector9C                                          build/obj/vectors.o
VectorA0                                          build/obj/vectors.o
VectorA4                                          build/obj/vectors.o
VectorA8                                          build/obj/vectors.o
VectorAC                                          build/obj/vectors.o
VectorB0                                          /var/folders/v6/kkgzxlbs17l2r1qttt0pkc880000gn/T//cc15eSlc.ltrans0.ltrans.o
                                                  build/obj/hal_st_lld.o (symbol from plugin)
                                                  build/obj/vectors.o
VectorB4                                          build/obj/vectors.o
VectorB8                                          build/obj/vectors.o
VectorBC                                          build/obj/vectors.o
VectorC0                                          build/obj/vectors.o
VectorC4                                          build/obj/vectors.o
VectorC8                                          build/obj/vectors.o
VectorCC                                          build/obj/vectors.o
VectorD0                                          build/obj/vectors.o
VectorD4                                          build/obj/vectors.o
VectorD8                                          /var/folders/v6/kkgzxlbs17l2r1qttt0pkc880000gn/T//cc15eSlc.ltrans0.ltrans.o
                                                  build/obj/hal_serial_lld.o (symbol from plugin)
                                                  build/obj/vectors.o
VectorDC                                          build/obj/vectors.o
VectorE0                                          build/obj/vectors.o
VectorE4                                          build/obj/vectors.o
VectorE8                                          build/obj/vectors.o
VectorEC                                          build/obj/vectors.o
VectorF0                                          build/obj/vectors.o
VectorF4                                          build/obj/vectors.o
VectorF8                                          build/obj/vectors.o
VectorFC                                          build/obj/vectors.o
__core_init                                       /var/folders/v6/kkgzxlbs17l2r1qttt0pkc880000gn/T//cc15eSlc.ltrans0.ltrans.o
                                                  build/obj/crt1.o (symbol from plugin)
                                                  build/obj/crt0_v7m.o
__default_exit                                    /var/folders/v6/kkgzxlbs17l2r1qttt0pkc880000gn/T//cc15eSlc.ltrans0.ltrans.o
                                                  build/obj/crt1.o (symbol from plugin)
                                                  build/obj/crt0_v7m.o
__early_init                                      /var/folders/v6/kkgzxlbs17l2r1qttt0pkc880000gn/T//cc15eSlc.ltrans0.ltrans.o
                                                  build/obj/board.o (symbol from plugin)
                                                  build/obj/crt1.o (symbol from plugin)
                                                  build/obj/crt0_v7m.o
__fini_array_end                                  build/obj/crt0_v7m.o
__fini_array_start                                build/obj/crt0_v7m.o
__heap_base__                                     /var/folders/v6/kkgzxlbs17l2r1qttt0pkc880000gn/T//cc15eSlc.ltrans0.ltrans.o
                                                  build/obj/chmemcore.o (symbol from plugin)
__heap_end__                                      /var/folders/v6/kkgzxlbs17l2r1qttt0pkc880000gn/T//cc15eSlc.ltrans0.ltrans.o
                                                  build/obj/chmemcore.o (symbol from plugin)
__init_array_end                                  build/obj/crt0_v7m.o
__init_array_start                                build/obj/crt0_v7m.o
__init_ram_areas                                  /var/folders/v6/kkgzxlbs17l2r1qttt0pkc880000gn/T//cc15eSlc.ltrans0.ltrans.o
                                                  build/obj/crt1.o (symbol from plugin)
                                                  build/obj/crt0_v7m.o
__late_init                                       /var/folders/v6/kkgzxlbs17l2r1qttt0pkc880000gn/T//cc15eSlc.ltrans0.ltrans.o
                                                  build/obj/crt1.o (symbol from plugin)
                                                  build/obj/crt0_v7m.o
__main_stack_base__                               build/obj/crt0_v7m.o
__main_stack_end__                                build/obj/vectors.o
                                                  build/obj/crt0_v7m.o
__process_stack_base__                            build/obj/crt0_v7m.o
__process_stack_end__                             build/obj/crt0_v7m.o
__ram0_clear__                                    /var/folders/v6/kkgzxlbs17l2r1qttt0pkc880000gn/T//cc15eSlc.ltrans0.ltrans.o
                                                  build/obj/crt1.o (symbol from plugin)
__ram0_init__                                     /var/folders/v6/kkgzxlbs17l2r1qttt0pkc880000gn/T//cc15eSlc.ltrans0.ltrans.o
                                                  build/obj/crt1.o (symbol from plugin)
__ram0_init_text__                                /var/folders/v6/kkgzxlbs17l2r1qttt0pkc880000gn/T//cc15eSlc.ltrans0.ltrans.o
                                                  build/obj/crt1.o (symbol from plugin)
__ram0_noinit__                                   /var/folders/v6/kkgzxlbs17l2r1qttt0pkc880000gn/T//cc15eSlc.ltrans0.ltrans.o
                                                  build/obj/crt1.o (symbol from plugin)
__ram1_clear__                                    /var/folders/v6/kkgzxlbs17l2r1qttt0pkc880000gn/T//cc15eSlc.ltrans0.ltrans.o
                                                  build/obj/crt1.o (symbol from plugin)
__ram1_init__                                     /var/folders/v6/kkgzxlbs17l2r1qttt0pkc880000gn/T//cc15eSlc.ltrans0.ltrans.o
                                                  build/obj/crt1.o (symbol from plugin)
__ram1_init_text__                                /var/folders/v6/kkgzxlbs17l2r1qttt0pkc880000gn/T//cc15eSlc.ltrans0.ltrans.o
                                                  build/obj/crt1.o (symbol from plugin)
__ram1_noinit__                                   /var/folders/v6/kkgzxlbs17l2r1qttt0pkc880000gn/T//cc15eSlc.ltrans0.ltrans.o
                                                  build/obj/crt1.o (symbol from plugin)
__ram2_clear__                                    /var/folders/v6/kkgzxlbs17l2r1qttt0pkc880000gn/T//cc15eSlc.ltrans0.ltrans.o
                                                  build/obj/crt1.o (symbol from plugin)
__ram2_init__                                     /var/folders/v6/kkgzxlbs17l2r1qttt0pkc880000gn/T//cc15eSlc.ltrans0.ltrans.o
                                                  build/obj/crt1.o (symbol from plugin)
__ram2_init_text__                                /var/folders/v6/kkgzxlbs17l2r1qttt0pkc880000gn/T//cc15eSlc.ltrans0.ltrans.o
                                                  build/obj/crt1.o (symbol from plugin)
__ram2_noinit__                                   /var/folders/v6/kkgzxlbs17l2r1qttt0pkc880000gn/T//cc15eSlc.ltrans0.ltrans.o
                                                  build/obj/crt1.o (symbol from plugin)
__ram3_clear__                                    /var/folders/v6/kkgzxlbs17l2r1qttt0pkc880000gn/T//cc15eSlc.ltrans0.ltrans.o
                                                  build/obj/crt1.o (symbol from plugin)
__ram3_init__                                     /var/folders/v6/kkgzxlbs17l2r1qttt0pkc880000gn/T//cc15eSlc.ltrans0.ltrans.o
                                                  build/obj/crt1.o (symbol from plugin)
__ram3_init_text__                                /var/folders/v6/kkgzxlbs17l2r1qttt0pkc880000gn/T//cc15eSlc.ltrans0.ltrans.o
                                                  build/obj/crt1.o (symbol from plugin)
__ram3_noinit__                                   /var/folders/v6/kkgzxlbs17l2r1qttt0pkc880000gn/T//cc15eSlc.ltrans0.ltrans.o
                                                  build/obj/crt1.o (symbol from plugin)
__ram4_clear__                                    /var/folders/v6/kkgzxlbs17l2r1qttt0pkc880000gn/T//cc15eSlc.ltrans0.ltrans.o
                                                  build/obj/crt1.o (symbol from plugin)
__ram4_init__                                     /var/folders/v6/kkgzxlbs17l2r1qttt0pkc880000gn/T//cc15eSlc.ltrans0.ltrans.o
                                                  build/obj/crt1.o (symbol from plugin)
__ram4_init_text__                                /var/folders/v6/kkgzxlbs17l2r1qttt0pkc880000gn/T//cc15eSlc.ltrans0.ltrans.o
                                                  build/obj/crt1.o (symbol from plugin)
__ram4_noinit__                                   /var/folders/v6/kkgzxlbs17l2r1qttt0pkc880000gn/T//cc15eSlc.ltrans0.ltrans.o
                                                  build/obj/crt1.o (symbol from plugin)
__ram5_clear__                                    /var/folders/v6/kkgzxlbs17l2r1qttt0pkc880000gn/T//cc15eSlc.ltrans0.ltrans.o
                                                  build/obj/crt1.o (symbol from plugin)
__ram5_init__                                     /var/folders/v6/kkgzxlbs17l2r1qttt0pkc880000gn/T//cc15eSlc.ltrans0.ltrans.o
                                                  build/obj/crt1.o (symbol from plugin)
__ram5_init_text__                                /var/folders/v6/kkgzxlbs17l2r1qttt0pkc880000gn/T//cc15eSlc.ltrans0.ltrans.o
                                                  build/obj/crt1.o (symbol from plugin)
__ram5_noinit__                                   /var/folders/v6/kkgzxlbs17l2r1qttt0pkc880000gn/T//cc15eSlc.ltrans0.ltrans.o
                                                  build/obj/crt1.o (symbol from plugin)
__ram6_clear__                                    /var/folders/v6/kkgzxlbs17l2r1qttt0pkc880000gn/T//cc15eSlc.ltrans0.ltrans.o
                                                  build/obj/crt1.o (symbol from plugin)
__ram6_init__                                     /var/folders/v6/kkgzxlbs17l2r1qttt0pkc880000gn/T//cc15eSlc.ltrans0.ltrans.o
                                                  build/obj/crt1.o (symbol from plugin)
__ram6_init_text__                                /var/folders/v6/kkgzxlbs17l2r1qttt0pkc880000gn/T//cc15eSlc.ltrans0.ltrans.o
                                                  build/obj/crt1.o (symbol from plugin)
__ram6_noinit__                                   /var/folders/v6/kkgzxlbs17l2r1qttt0pkc880000gn/T//cc15eSlc.ltrans0.ltrans.o
                                                  build/obj/crt1.o (symbol from plugin)
__ram7_clear__                                    /var/folders/v6/kkgzxlbs17l2r1qttt0pkc880000gn/T//cc15eSlc.ltrans0.ltrans.o
                                                  build/obj/crt1.o (symbol from plugin)
__ram7_init__                                     /var/folders/v6/kkgzxlbs17l2r1qttt0pkc880000gn/T//cc15eSlc.ltrans0.ltrans.o
                                                  build/obj/crt1.o (symbol from plugin)
__ram7_init_text__                                /var/folders/v6/kkgzxlbs17l2r1qttt0pkc880000gn/T//cc15eSlc.ltrans0.ltrans.o
                                                  build/obj/crt1.o (symbol from plugin)
__ram7_noinit__                                   /var/folders/v6/kkgzxlbs17l2r1qttt0pkc880000gn/T//cc15eSlc.ltrans0.ltrans.o
                                                  build/obj/crt1.o (symbol from plugin)
_bss_end                                          build/obj/crt0_v7m.o
_bss_start                                        build/obj/crt0_v7m.o
_core_init                                        build/obj/chmemcore.o (symbol from plugin)
                                                  build/obj/chsys.o (symbol from plugin)
_crt0_entry                                       build/obj/crt0_v7m.o
                                                  build/obj/vectors.o
_data_end                                         build/obj/crt0_v7m.o
_data_start                                       build/obj/crt0_v7m.o
_factory_init                                     build/obj/chfactory.o (symbol from plugin)
                                                  build/obj/chsys.o (symbol from plugin)
_heap_init                                        build/obj/chheap.o (symbol from plugin)
                                                  build/obj/chsys.o (symbol from plugin)
_pal_events                                       build/obj/hal_pal_lld.o (symbol from plugin)
_pal_lld_init                                     build/obj/hal_pal_lld.o (symbol from plugin)
                                                  build/obj/hal.o (symbol from plugin)
_pal_lld_setgroupmode                             build/obj/hal_pal_lld.o (symbol from plugin)
                                                  build/obj/hal_pal.o (symbol from plugin)
_port_exit_from_isr                               build/obj/chcoreasm_v7m.o
                                                  /var/folders/v6/kkgzxlbs17l2r1qttt0pkc880000gn/T//cc15eSlc.ltrans0.ltrans.o
                                                  build/obj/chcore_v7m.o (symbol from plugin)
_port_irq_epilogue                                build/obj/chcore_v7m.o (symbol from plugin)
                                                  build/obj/hal_serial_lld.o (symbol from plugin)
                                                  build/obj/hal_st_lld.o (symbol from plugin)
_port_switch                                      build/obj/chcoreasm_v7m.o
                                                  /var/folders/v6/kkgzxlbs17l2r1qttt0pkc880000gn/T//cc15eSlc.ltrans0.ltrans.o
                                                  build/obj/chschd.o (symbol from plugin)
_port_switch_from_isr                             build/obj/chcoreasm_v7m.o
                                                  /var/folders/v6/kkgzxlbs17l2r1qttt0pkc880000gn/T//cc15eSlc.ltrans0.ltrans.o
                                                  build/obj/chcore_v7m.o (symbol from plugin)
_port_thread_start                                build/obj/chcoreasm_v7m.o
                                                  /var/folders/v6/kkgzxlbs17l2r1qttt0pkc880000gn/T//cc15eSlc.ltrans0.ltrans.o
                                                  build/obj/chthreads.o (symbol from plugin)
_scheduler_init                                   build/obj/chschd.o (symbol from plugin)
                                                  build/obj/chsys.o (symbol from plugin)
_test_assert                                      build/obj/ch_test.o (symbol from plugin)
                                                  build/obj/oslib_test_sequence_004.o (symbol from plugin)
                                                  build/obj/oslib_test_sequence_003.o (symbol from plugin)
                                                  build/obj/oslib_test_sequence_002.o (symbol from plugin)
                                                  build/obj/oslib_test_sequence_001.o (symbol from plugin)
                                                  build/obj/rt_test_sequence_009.o (symbol from plugin)
                                                  build/obj/rt_test_sequence_008.o (symbol from plugin)
                                                  build/obj/rt_test_sequence_006.o (symbol from plugin)
                                                  build/obj/rt_test_sequence_005.o (symbol from plugin)
                                                  build/obj/rt_test_sequence_004.o (symbol from plugin)
                                                  build/obj/rt_test_sequence_003.o (symbol from plugin)
                                                  build/obj/rt_test_sequence_002.o (symbol from plugin)
_test_assert_sequence                             build/obj/ch_test.o (symbol from plugin)
                                                  build/obj/oslib_test_sequence_001.o (symbol from plugin)
                                                  build/obj/rt_test_sequence_009.o (symbol from plugin)
                                                  build/obj/rt_test_sequence_008.o (symbol from plugin)
                                                  build/obj/rt_test_sequence_007.o (symbol from plugin)
                                                  build/obj/rt_test_sequence_006.o (symbol from plugin)
                                                  build/obj/rt_test_sequence_005.o (symbol from plugin)
                                                  build/obj/rt_test_sequence_003.o (symbol from plugin)
_test_assert_time_window                          build/obj/ch_test.o (symbol from plugin)
                                                  build/obj/rt_test_sequence_008.o (symbol from plugin)
                                                  build/obj/rt_test_sequence_005.o (symbol from plugin)
                                                  build/obj/rt_test_sequence_004.o (symbol from plugin)
                                                  build/obj/rt_test_sequence_003.o (symbol from plugin)
_test_fail                                        build/obj/ch_test.o (symbol from plugin)
_textdata_start                                   build/obj/crt0_v7m.o
_thread_init                                      build/obj/chthreads.o (symbol from plugin)
                                                  build/obj/chsys.o (symbol from plugin)
_tm_init                                          build/obj/chtm.o (symbol from plugin)
                                                  build/obj/chsys.o (symbol from plugin)
_unhandled_exception                              build/obj/vectors.o
_vectors                                          build/obj/vectors.o
                                                  build/obj/crt0_v7m.o
_vt_init                                          build/obj/chvt.o (symbol from plugin)
                                                  build/obj/chsys.o (symbol from plugin)
boardInit                                         build/obj/board.o (symbol from plugin)
                                                  build/obj/hal.o (symbol from plugin)
ch                                                build/obj/chschd.o (symbol from plugin)
                                                  build/obj/main.o (symbol from plugin)
                                                  build/obj/rt_test_sequence_010.o (symbol from plugin)
                                                  build/obj/rt_test_sequence_009.o (symbol from plugin)
                                                  build/obj/rt_test_sequence_008.o (symbol from plugin)
                                                  build/obj/rt_test_sequence_007.o (symbol from plugin)
                                                  build/obj/rt_test_sequence_006.o (symbol from plugin)
                                                  build/obj/rt_test_sequence_005.o (symbol from plugin)
                                                  build/obj/rt_test_sequence_004.o (symbol from plugin)
                                                  build/obj/rt_test_sequence_003.o (symbol from plugin)
                                                  build/obj/chmsg.o (symbol from plugin)
                                                  build/obj/chevents.o (symbol from plugin)
                                                  build/obj/chcond.o (symbol from plugin)
                                                  build/obj/chmtx.o (symbol from plugin)
                                                  build/obj/chsem.o (symbol from plugin)
                                                  build/obj/chregistry.o (symbol from plugin)
                                                  build/obj/chtm.o (symbol from plugin)
                                                  build/obj/chthreads.o (symbol from plugin)
                                                  build/obj/chvt.o (symbol from plugin)
                                                  build/obj/chsys.o (symbol from plugin)
chCondBroadcast                                   build/obj/chcond.o (symbol from plugin)
                                                  build/obj/rt_test_sequence_006.o (symbol from plugin)
chCondBroadcastI                                  build/obj/chcond.o (symbol from plugin)
chCondObjectInit                                  build/obj/chcond.o (symbol from plugin)
                                                  build/obj/rt_test_sequence_006.o (symbol from plugin)
chCondSignal                                      build/obj/chcond.o (symbol from plugin)
                                                  build/obj/rt_test_sequence_006.o (symbol from plugin)
chCondSignalI                                     build/obj/chcond.o (symbol from plugin)
                                                  build/obj/rt_test_sequence_006.o (symbol from plugin)
chCondWait                                        build/obj/chcond.o (symbol from plugin)
                                                  build/obj/rt_test_sequence_006.o (symbol from plugin)
chCondWaitS                                       build/obj/chcond.o (symbol from plugin)
chCondWaitTimeout                                 build/obj/chcond.o (symbol from plugin)
                                                  build/obj/rt_test_sequence_006.o (symbol from plugin)
chCondWaitTimeoutS                                build/obj/chcond.o (symbol from plugin)
chCoreAllocAlignedWithOffset                      build/obj/chmemcore.o (symbol from plugin)
                                                  build/obj/chheap.o (symbol from plugin)
chCoreAllocAlignedWithOffsetI                     build/obj/chmemcore.o (symbol from plugin)
                                                  build/obj/chfactory.o (symbol from plugin)
chCoreGetStatusX                                  build/obj/chmemcore.o (symbol from plugin)
chEvtAddEvents                                    build/obj/chevents.o (symbol from plugin)
                                                  build/obj/rt_test_sequence_008.o (symbol from plugin)
chEvtBroadcastFlags                               build/obj/chevents.o (symbol from plugin)
                                                  build/obj/rt_test_sequence_008.o (symbol from plugin)
chEvtBroadcastFlagsI                              build/obj/chevents.o (symbol from plugin)
                                                  build/obj/hal_serial_lld.o (symbol from plugin)
                                                  build/obj/hal_serial.o (symbol from plugin)
chEvtDispatch                                     build/obj/chevents.o (symbol from plugin)
                                                  build/obj/rt_test_sequence_008.o (symbol from plugin)
chEvtGetAndClearEvents                            build/obj/chevents.o (symbol from plugin)
                                                  build/obj/rt_test_sequence_008.o (symbol from plugin)
chEvtGetAndClearEventsI                           build/obj/chevents.o (symbol from plugin)
chEvtGetAndClearFlags                             build/obj/chevents.o (symbol from plugin)
chEvtGetAndClearFlagsI                            build/obj/chevents.o (symbol from plugin)
chEvtRegisterMaskWithFlags                        build/obj/chevents.o (symbol from plugin)
                                                  build/obj/rt_test_sequence_008.o (symbol from plugin)
chEvtSignal                                       build/obj/chevents.o (symbol from plugin)
                                                  build/obj/rt_test_sequence_008.o (symbol from plugin)
chEvtSignalI                                      build/obj/chevents.o (symbol from plugin)
chEvtUnregister                                   build/obj/chevents.o (symbol from plugin)
                                                  build/obj/rt_test_sequence_008.o (symbol from plugin)
chEvtWaitAll                                      build/obj/chevents.o (symbol from plugin)
                                                  build/obj/rt_test_sequence_008.o (symbol from plugin)
chEvtWaitAllTimeout                               build/obj/chevents.o (symbol from plugin)
                                                  build/obj/rt_test_sequence_008.o (symbol from plugin)
chEvtWaitAny                                      build/obj/chevents.o (symbol from plugin)
                                                  build/obj/rt_test_sequence_008.o (symbol from plugin)
chEvtWaitAnyTimeout                               build/obj/chevents.o (symbol from plugin)
                                                  build/obj/rt_test_sequence_008.o (symbol from plugin)
chEvtWaitOne                                      build/obj/chevents.o (symbol from plugin)
                                                  build/obj/rt_test_sequence_008.o (symbol from plugin)
chEvtWaitOneTimeout                               build/obj/chevents.o (symbol from plugin)
                                                  build/obj/rt_test_sequence_008.o (symbol from plugin)
chFactoryCreateBuffer                             build/obj/chfactory.o (symbol from plugin)
                                                  build/obj/oslib_test_sequence_004.o (symbol from plugin)
chFactoryCreateMailbox                            build/obj/chfactory.o (symbol from plugin)
                                                  build/obj/oslib_test_sequence_004.o (symbol from plugin)
chFactoryCreateObjectsFIFO                        build/obj/chfactory.o (symbol from plugin)
                                                  build/obj/oslib_test_sequence_004.o (symbol from plugin)
chFactoryCreateSemaphore                          build/obj/chfactory.o (symbol from plugin)
                                                  build/obj/oslib_test_sequence_004.o (symbol from plugin)
chFactoryFindBuffer                               build/obj/chfactory.o (symbol from plugin)
                                                  build/obj/oslib_test_sequence_004.o (symbol from plugin)
chFactoryFindMailbox                              build/obj/chfactory.o (symbol from plugin)
                                                  build/obj/oslib_test_sequence_004.o (symbol from plugin)
chFactoryFindObject                               build/obj/chfactory.o (symbol from plugin)
                                                  build/obj/oslib_test_sequence_004.o (symbol from plugin)
chFactoryFindObjectByPointer                      build/obj/chfactory.o (symbol from plugin)
chFactoryFindObjectsFIFO                          build/obj/chfactory.o (symbol from plugin)
                                                  build/obj/oslib_test_sequence_004.o (symbol from plugin)
chFactoryFindSemaphore                            build/obj/chfactory.o (symbol from plugin)
                                                  build/obj/oslib_test_sequence_004.o (symbol from plugin)
chFactoryRegisterObject                           build/obj/chfactory.o (symbol from plugin)
                                                  build/obj/oslib_test_sequence_004.o (symbol from plugin)
chFactoryReleaseBuffer                            build/obj/chfactory.o (symbol from plugin)
                                                  build/obj/oslib_test_sequence_004.o (symbol from plugin)
chFactoryReleaseMailbox                           build/obj/chfactory.o (symbol from plugin)
                                                  build/obj/oslib_test_sequence_004.o (symbol from plugin)
chFactoryReleaseObject                            build/obj/chfactory.o (symbol from plugin)
                                                  build/obj/oslib_test_sequence_004.o (symbol from plugin)
chFactoryReleaseObjectsFIFO                       build/obj/chfactory.o (symbol from plugin)
                                                  build/obj/oslib_test_sequence_004.o (symbol from plugin)
chFactoryReleaseSemaphore                         build/obj/chfactory.o (symbol from plugin)
                                                  build/obj/oslib_test_sequence_004.o (symbol from plugin)
chGuardedPoolAllocTimeout                         build/obj/chmempools.o (symbol from plugin)
                                                  build/obj/oslib_test_sequence_002.o (symbol from plugin)
chGuardedPoolAllocTimeoutS                        build/obj/chmempools.o (symbol from plugin)
chGuardedPoolFree                                 build/obj/chmempools.o (symbol from plugin)
                                                  build/obj/oslib_test_sequence_002.o (symbol from plugin)
chGuardedPoolFreeI                                build/obj/chmempools.o (symbol from plugin)
chGuardedPoolLoadArray                            build/obj/chmempools.o (symbol from plugin)
                                                  build/obj/oslib_test_sequence_002.o (symbol from plugin)
                                                  build/obj/chfactory.o (symbol from plugin)
chGuardedPoolObjectInitAligned                    build/obj/chmempools.o (symbol from plugin)
                                                  build/obj/oslib_test_sequence_002.o (symbol from plugin)
                                                  build/obj/chfactory.o (symbol from plugin)
chHeapAllocAligned                                build/obj/chheap.o (symbol from plugin)
                                                  build/obj/oslib_test_sequence_003.o (symbol from plugin)
                                                  build/obj/chfactory.o (symbol from plugin)
                                                  build/obj/chdynamic.o (symbol from plugin)
chHeapFree                                        build/obj/chheap.o (symbol from plugin)
                                                  build/obj/oslib_test_sequence_003.o (symbol from plugin)
                                                  build/obj/chfactory.o (symbol from plugin)
                                                  build/obj/chthreads.o (symbol from plugin)
chHeapObjectInit                                  build/obj/chheap.o (symbol from plugin)
                                                  build/obj/oslib_test_sequence_003.o (symbol from plugin)
                                                  build/obj/rt_test_sequence_009.o (symbol from plugin)
chHeapStatus                                      build/obj/chheap.o (symbol from plugin)
                                                  build/obj/oslib_test_sequence_003.o (symbol from plugin)
                                                  build/obj/rt_test_sequence_009.o (symbol from plugin)
chMBFetchI                                        build/obj/chmboxes.o (symbol from plugin)
                                                  build/obj/oslib_test_sequence_001.o (symbol from plugin)
chMBFetchTimeout                                  build/obj/chmboxes.o (symbol from plugin)
                                                  build/obj/oslib_test_sequence_001.o (symbol from plugin)
chMBFetchTimeoutS                                 build/obj/chmboxes.o (symbol from plugin)
chMBObjectInit                                    build/obj/chmboxes.o (symbol from plugin)
                                                  build/obj/oslib_test_sequence_001.o (symbol from plugin)
                                                  build/obj/chfactory.o (symbol from plugin)
chMBPostAheadI                                    build/obj/chmboxes.o (symbol from plugin)
                                                  build/obj/oslib_test_sequence_001.o (symbol from plugin)
chMBPostAheadTimeout                              build/obj/chmboxes.o (symbol from plugin)
                                                  build/obj/oslib_test_sequence_001.o (symbol from plugin)
chMBPostAheadTimeoutS                             build/obj/chmboxes.o (symbol from plugin)
chMBPostI                                         build/obj/chmboxes.o (symbol from plugin)
                                                  build/obj/oslib_test_sequence_001.o (symbol from plugin)
chMBPostTimeout                                   build/obj/chmboxes.o (symbol from plugin)
                                                  build/obj/oslib_test_sequence_001.o (symbol from plugin)
chMBPostTimeoutS                                  build/obj/chmboxes.o (symbol from plugin)
chMBReset                                         build/obj/chmboxes.o (symbol from plugin)
                                                  build/obj/oslib_test_sequence_001.o (symbol from plugin)
chMBResetI                                        build/obj/chmboxes.o (symbol from plugin)
                                                  build/obj/oslib_test_sequence_001.o (symbol from plugin)
chMsgRelease                                      build/obj/chmsg.o (symbol from plugin)
                                                  build/obj/rt_test_sequence_010.o (symbol from plugin)
                                                  build/obj/rt_test_sequence_007.o (symbol from plugin)
chMsgSend                                         build/obj/chmsg.o (symbol from plugin)
                                                  build/obj/rt_test_sequence_010.o (symbol from plugin)
                                                  build/obj/rt_test_sequence_007.o (symbol from plugin)
chMsgWait                                         build/obj/chmsg.o (symbol from plugin)
                                                  build/obj/rt_test_sequence_010.o (symbol from plugin)
                                                  build/obj/rt_test_sequence_007.o (symbol from plugin)
chMtxLock                                         build/obj/chmtx.o (symbol from plugin)
                                                  build/obj/rt_test_sequence_010.o (symbol from plugin)
                                                  build/obj/rt_test_sequence_006.o (symbol from plugin)
                                                  build/obj/chfactory.o (symbol from plugin)
                                                  build/obj/chheap.o (symbol from plugin)
chMtxLockS                                        build/obj/chmtx.o (symbol from plugin)
                                                  build/obj/rt_test_sequence_006.o (symbol from plugin)
                                                  build/obj/chcond.o (symbol from plugin)
chMtxObjectInit                                   build/obj/chmtx.o (symbol from plugin)
                                                  build/obj/rt_test_sequence_010.o (symbol from plugin)
                                                  build/obj/rt_test_sequence_006.o (symbol from plugin)
                                                  build/obj/chfactory.o (symbol from plugin)
                                                  build/obj/chheap.o (symbol from plugin)
chMtxTryLock                                      build/obj/chmtx.o (symbol from plugin)
                                                  build/obj/rt_test_sequence_006.o (symbol from plugin)
chMtxTryLockS                                     build/obj/chmtx.o (symbol from plugin)
chMtxUnlock                                       build/obj/chmtx.o (symbol from plugin)
                                                  build/obj/rt_test_sequence_010.o (symbol from plugin)
                                                  build/obj/rt_test_sequence_006.o (symbol from plugin)
                                                  build/obj/chfactory.o (symbol from plugin)
                                                  build/obj/chheap.o (symbol from plugin)
chMtxUnlockAll                                    build/obj/chmtx.o (symbol from plugin)
                                                  build/obj/rt_test_sequence_006.o (symbol from plugin)
chMtxUnlockAllS                                   build/obj/chmtx.o (symbol from plugin)
chMtxUnlockS                                      build/obj/chmtx.o (symbol from plugin)
                                                  build/obj/rt_test_sequence_006.o (symbol from plugin)
                                                  build/obj/chcond.o (symbol from plugin)
chPoolAlloc                                       build/obj/chmempools.o (symbol from plugin)
                                                  build/obj/oslib_test_sequence_002.o (symbol from plugin)
                                                  build/obj/rt_test_sequence_009.o (symbol from plugin)
                                                  build/obj/chfactory.o (symbol from plugin)
                                                  build/obj/chdynamic.o (symbol from plugin)
chPoolAllocI                                      build/obj/chmempools.o (symbol from plugin)
chPoolFree                                        build/obj/chmempools.o (symbol from plugin)
                                                  build/obj/oslib_test_sequence_002.o (symbol from plugin)
                                                  build/obj/rt_test_sequence_009.o (symbol from plugin)
                                                  build/obj/chfactory.o (symbol from plugin)
                                                  build/obj/chthreads.o (symbol from plugin)
chPoolFreeI                                       build/obj/chmempools.o (symbol from plugin)
chPoolLoadArray                                   build/obj/chmempools.o (symbol from plugin)
                                                  build/obj/oslib_test_sequence_002.o (symbol from plugin)
chPoolObjectInitAligned                           build/obj/chmempools.o (symbol from plugin)
                                                  build/obj/oslib_test_sequence_002.o (symbol from plugin)
                                                  build/obj/rt_test_sequence_009.o (symbol from plugin)
                                                  build/obj/chfactory.o (symbol from plugin)
chRegFindThreadByName                             build/obj/chregistry.o (symbol from plugin)
chRegFindThreadByPointer                          build/obj/chregistry.o (symbol from plugin)
chRegFindThreadByWorkingArea                      build/obj/chregistry.o (symbol from plugin)
chRegFirstThread                                  build/obj/chregistry.o (symbol from plugin)
chRegNextThread                                   build/obj/chregistry.o (symbol from plugin)
chSchDoReschedule                                 /var/folders/v6/kkgzxlbs17l2r1qttt0pkc880000gn/T//cc15eSlc.ltrans0.ltrans.o
                                                  build/obj/chschd.o (symbol from plugin)
                                                  build/obj/chcoreasm_v7m.o
chSchDoRescheduleAhead                            build/obj/chschd.o (symbol from plugin)
chSchDoRescheduleBehind                           build/obj/chschd.o (symbol from plugin)
                                                  build/obj/chthreads.o (symbol from plugin)
chSchGoSleepS                                     build/obj/chschd.o (symbol from plugin)
                                                  build/obj/rt_test_sequence_010.o (symbol from plugin)
                                                  build/obj/chmsg.o (symbol from plugin)
                                                  build/obj/chevents.o (symbol from plugin)
                                                  build/obj/chcond.o (symbol from plugin)
                                                  build/obj/chmtx.o (symbol from plugin)
                                                  build/obj/chsem.o (symbol from plugin)
                                                  build/obj/chthreads.o (symbol from plugin)
chSchGoSleepTimeoutS                              build/obj/chschd.o (symbol from plugin)
                                                  build/obj/chevents.o (symbol from plugin)
                                                  build/obj/chcond.o (symbol from plugin)
                                                  build/obj/chsem.o (symbol from plugin)
                                                  build/obj/chthreads.o (symbol from plugin)
chSchIsPreemptionRequired                         build/obj/chschd.o (symbol from plugin)
                                                  build/obj/chcore_v7m.o (symbol from plugin)
chSchReadyAheadI                                  build/obj/chschd.o (symbol from plugin)
chSchReadyI                                       build/obj/chschd.o (symbol from plugin)
                                                  build/obj/chmsg.o (symbol from plugin)
                                                  build/obj/chevents.o (symbol from plugin)
                                                  build/obj/chcond.o (symbol from plugin)
                                                  build/obj/chmtx.o (symbol from plugin)
                                                  build/obj/chsem.o (symbol from plugin)
                                                  build/obj/chthreads.o (symbol from plugin)
chSchRescheduleS                                  build/obj/chschd.o (symbol from plugin)
                                                  build/obj/rt_test_sequence_006.o (symbol from plugin)
                                                  build/obj/rt_test_sequence_005.o (symbol from plugin)
                                                  build/obj/rt_test_sequence_004.o (symbol from plugin)
                                                  build/obj/chmempools.o (symbol from plugin)
                                                  build/obj/chmboxes.o (symbol from plugin)
                                                  build/obj/chevents.o (symbol from plugin)
                                                  build/obj/chcond.o (symbol from plugin)
                                                  build/obj/chmtx.o (symbol from plugin)
                                                  build/obj/chsem.o (symbol from plugin)
                                                  build/obj/chthreads.o (symbol from plugin)
                                                  build/obj/chsys.o (symbol from plugin)
                                                  build/obj/hal_serial.o (symbol from plugin)
chSchWakeupS                                      build/obj/chschd.o (symbol from plugin)
                                                  build/obj/rt_test_sequence_010.o (symbol from plugin)
                                                  build/obj/chdynamic.o (symbol from plugin)
                                                  build/obj/chmsg.o (symbol from plugin)
                                                  build/obj/chcond.o (symbol from plugin)
                                                  build/obj/chsem.o (symbol from plugin)
                                                  build/obj/chthreads.o (symbol from plugin)
chSemAddCounterI                                  build/obj/chsem.o (symbol from plugin)
                                                  build/obj/rt_test_sequence_005.o (symbol from plugin)
chSemObjectInit                                   build/obj/chsem.o (symbol from plugin)
                                                  build/obj/rt_test_sequence_010.o (symbol from plugin)
                                                  build/obj/rt_test_sequence_005.o (symbol from plugin)
                                                  build/obj/chfactory.o (symbol from plugin)
                                                  build/obj/chmempools.o (symbol from plugin)
chSemReset                                        build/obj/chsem.o (symbol from plugin)
                                                  build/obj/rt_test_sequence_010.o (symbol from plugin)
                                                  build/obj/rt_test_sequence_005.o (symbol from plugin)
chSemResetI                                       build/obj/chsem.o (symbol from plugin)
chSemSignal                                       build/obj/chsem.o (symbol from plugin)
                                                  build/obj/rt_test_sequence_010.o (symbol from plugin)
                                                  build/obj/rt_test_sequence_005.o (symbol from plugin)
chSemSignalI                                      build/obj/chsem.o (symbol from plugin)
                                                  build/obj/rt_test_sequence_005.o (symbol from plugin)
                                                  build/obj/chmempools.o (symbol from plugin)
chSemSignalWait                                   build/obj/chsem.o (symbol from plugin)
                                                  build/obj/rt_test_sequence_005.o (symbol from plugin)
chSemWait                                         build/obj/chsem.o (symbol from plugin)
                                                  build/obj/rt_test_sequence_010.o (symbol from plugin)
                                                  build/obj/rt_test_sequence_005.o (symbol from plugin)
chSemWaitS                                        build/obj/chsem.o (symbol from plugin)
chSemWaitTimeout                                  build/obj/chsem.o (symbol from plugin)
                                                  build/obj/rt_test_sequence_005.o (symbol from plugin)
chSemWaitTimeoutS                                 build/obj/chsem.o (symbol from plugin)
                                                  build/obj/chmempools.o (symbol from plugin)
chSysGetStatusAndLockX                            build/obj/chsys.o (symbol from plugin)
                                                  build/obj/rt_test_sequence_002.o (symbol from plugin)
chSysHalt                                         build/obj/chsys.o (symbol from plugin)
chSysInit                                         build/obj/chsys.o (symbol from plugin)
                                                  build/obj/main.o (symbol from plugin)
chSysIntegrityCheckI                              build/obj/chsys.o (symbol from plugin)
                                                  build/obj/rt_test_sequence_002.o (symbol from plugin)
chSysIsCounterWithinX                             build/obj/chsys.o (symbol from plugin)
chSysPolledDelayX                                 build/obj/chsys.o (symbol from plugin)
chSysRestoreStatusX                               build/obj/chsys.o (symbol from plugin)
                                                  build/obj/rt_test_sequence_002.o (symbol from plugin)
chSysTimerHandlerI                                build/obj/chsys.o (symbol from plugin)
                                                  build/obj/hal_st_lld.o (symbol from plugin)
chTMChainMeasurementToX                           build/obj/chtm.o (symbol from plugin)
chTMObjectInit                                    build/obj/chtm.o (symbol from plugin)
chTMStartMeasurementX                             build/obj/chtm.o (symbol from plugin)
chTMStopMeasurementX                              build/obj/chtm.o (symbol from plugin)
chThdAddRef                                       build/obj/chthreads.o (symbol from plugin)
chThdCreate                                       build/obj/chthreads.o (symbol from plugin)
                                                  build/obj/chsys.o (symbol from plugin)
chThdCreateFromHeap                               build/obj/chdynamic.o (symbol from plugin)
                                                  build/obj/rt_test_sequence_009.o (symbol from plugin)
chThdCreateFromMemoryPool                         build/obj/chdynamic.o (symbol from plugin)
                                                  build/obj/rt_test_sequence_009.o (symbol from plugin)
chThdCreateI                                      build/obj/chthreads.o (symbol from plugin)
chThdCreateStatic                                 build/obj/chthreads.o (symbol from plugin)
                                                  build/obj/main.o (symbol from plugin)
                                                  build/obj/rt_test_sequence_010.o (symbol from plugin)
                                                  build/obj/rt_test_sequence_008.o (symbol from plugin)
                                                  build/obj/rt_test_sequence_007.o (symbol from plugin)
                                                  build/obj/rt_test_sequence_006.o (symbol from plugin)
                                                  build/obj/rt_test_sequence_005.o (symbol from plugin)
                                                  build/obj/rt_test_sequence_004.o (symbol from plugin)
                                                  build/obj/rt_test_sequence_003.o (symbol from plugin)
chThdCreateSuspended                              build/obj/chthreads.o (symbol from plugin)